ERC report (2026-03-08T13:06:43-0700, Encoding UTF8)

***** Sheet /
[global_label_dangling]: Global label not connected anywhere else in the schematic
    ; warning
    @(50.00 mm, 50.00 mm): Global Label 'ADBUS_0'
[global_label_dangling]: Global label not connected anywhere else in the schematic
    ; warning
    @(50.00 mm, 55.00 mm): Global Label 'ADBUS_1'
[global_label_dangling]: Global label not connected anywhere else in the schematic
    ; warning
    @(50.00 mm, 60.00 mm): Global Label 'ADBUS_2'
[global_label_dangling]: Global label not connected anywhere else in the schematic
    ; warning
    @(50.00 mm, 65.00 mm): Global Label 'ADBUS_3'
[global_label_dangling]: Global label not connected anywhere else in the schematic
    ; warning
    @(50.00 mm, 70.00 mm): Global Label 'ADBUS_4'
[global_label_dangling]: Global label not connected anywhere else in the schematic
    ; warning
    @(50.00 mm, 75.00 mm): Global Label 'ADBUS_5'
[global_label_dangling]: Global label not connected anywhere else in the schematic
    ; warning
    @(80.00 mm, 50.00 mm): Global Label 'ADBUS_8'
[global_label_dangling]: Global label not connected anywhere else in the schematic
    ; warning
    @(80.00 mm, 55.00 mm): Global Label 'ADBUS_9'
[global_label_dangling]: Global label not connected anywhere else in the schematic
    ; warning
    @(50.00 mm, 85.00 mm): Global Label 'ADBUS_7'
[global_label_dangling]: Global label not connected anywhere else in the schematic
    ; warning
    @(80.00 mm, 60.00 mm): Global Label 'ADBUS_10'
[global_label_dangling]: Global label not connected anywhere else in the schematic
    ; warning
    @(80.00 mm, 65.00 mm): Global Label 'ADBUS_11'
[global_label_dangling]: Global label not connected anywhere else in the schematic
    ; warning
    @(80.00 mm, 70.00 mm): Global Label 'ADBUS_12'
[global_label_dangling]: Global label not connected anywhere else in the schematic
    ; warning
    @(80.00 mm, 75.00 mm): Global Label 'ADBUS_13'
[global_label_dangling]: Global label not connected anywhere else in the schematic
    ; warning
    @(80.00 mm, 80.00 mm): Global Label 'ADBUS_14'
[global_label_dangling]: Global label not connected anywhere else in the schematic
    ; warning
    @(80.00 mm, 85.00 mm): Global Label 'ADBUS_15'
[global_label_dangling]: Global label not connected anywhere else in the schematic
    ; warning
    @(120.00 mm, 50.00 mm): Global Label 'SYSTEM_RESET'
[global_label_dangling]: Global label not connected anywhere else in the schematic
    ; warning
    @(120.00 mm, 55.00 mm): Global Label 'WR_STROBE'
[global_label_dangling]: Global label not connected anywhere else in the schematic
    ; warning
    @(120.00 mm, 60.00 mm): Global Label 'RD_STROBE'
[global_label_dangling]: Global label not connected anywhere else in the schematic
    ; warning
    @(120.00 mm, 65.00 mm): Global Label 'ALE_H'
[global_label_dangling]: Global label not connected anywhere else in the schematic
    ; warning
    @(120.00 mm, 70.00 mm): Global Label 'ALE_L'
[global_label_dangling]: Global label not connected anywhere else in the schematic
    ; warning
    @(120.00 mm, 75.00 mm): Global Label 'JOY_EE_DATA'
[global_label_dangling]: Global label not connected anywhere else in the schematic
    ; warning
    @(120.00 mm, 80.00 mm): Global Label 'EE_CLOCK'
[global_label_dangling]: Global label not connected anywhere else in the schematic
    ; warning
    @(150.00 mm, 50.00 mm): Global Label '+3V3'
[global_label_dangling]: Global label not connected anywhere else in the schematic
    ; warning
    @(150.00 mm, 55.00 mm): Global Label '+5V'
[global_label_dangling]: Global label not connected anywhere else in the schematic
    ; warning
    @(150.00 mm, 60.00 mm): Global Label 'GND'

 ** ERC messages: 25  Errors 0  Warnings 25
